[19:47:10.792] [INFO] storybook v10.3.5
[19:47:14.347] [DEBUG] Getting package.json info for D:/stc projects/ui-components/package.json...
[19:47:20.521] [INFO] Starting...
[19:47:20.572] [WARN] No story files found for the specified pattern: [34mprojects\ui-components-lib\**\*.mdx[39m
[19:47:20.574] [WARN] No story files found for the specified pattern: [34mprojects\ui-components-lib\**\*.stories.@(js|jsx|mjs|ts|tsx)[39m
[19:47:22.778] [DEBUG] Starting preview..
[19:47:22.881] [INFO] Addon-docs: using MDX3
[19:47:23.335] [INFO] Using implicit CSS loaders
[19:47:32.645] [ERROR] Failed to build the preview
[19:47:32.648] [ERROR] [38;2;241;97;97mSB_FRAMEWORK_ANGULAR_0001 (AngularLegacyBuildOptionsError): Your Storybook startup script uses a solution that is not supported anymore.
You must use Angular builder to have an explicit configuration on the project used in angular.json.

Please run 'npx storybook automigrate' to automatically fix your config.

More info: 
	- https://github.com/storybookjs/storybook/blob/next/MIGRATION.md#angular-drop-support-for-calling-storybook-directly
	- https://github.com/storybookjs/storybook/tree/next/code/frameworks/angular#how-do-i-migrate-to-an-angular-storybook-builder
[39m
    at checkForLegacyBuildOptions (file:///D:/stc%20projects/ui-components/node_modules/@storybook/angular/dist/server/framework-preset-angular-cli.js:159:11)
    at Object.webpackFinal (file:///D:/stc%20projects/ui-components/node_modules/@storybook/angular/dist/server/framework-preset-angular-cli.js:93:3)
    at async Object.webpack (file:///D:/stc%20projects/ui-components/node_modules/@storybook/builder-webpack5/dist/presets/custom-webpack-preset.js:282:28)
    at async starter (file:///D:/stc%20projects/ui-components/node_modules/@storybook/builder-webpack5/dist/index.js:753:16)
    at async Module.start (file:///D:/stc%20projects/ui-components/node_modules/@storybook/builder-webpack5/dist/index.js:857:14)
    at async storybookDevServer (file:///D:/stc%20projects/ui-components/node_modules/storybook/dist/core-server/index.js:7503:83)
    at async buildOrThrow (file:///D:/stc%20projects/ui-components/node_modules/storybook/dist/core-server/index.js:4508:12)
    at async buildDevStandalone (file:///D:/stc%20projects/ui-components/node_modules/storybook/dist/core-server/index.js:8033:41)
    at async withTelemetry (file:///D:/stc%20projects/ui-components/node_modules/storybook/dist/_node-chunks/chunk-FIR43JGQ.js:225:12)
    at async dev (file:///D:/stc%20projects/ui-components/node_modules/storybook/dist/bin/core.js:2736:3)
[19:47:32.665] [WARN] Broken build, fix the error above.
You may need to refresh the browser.
[19:47:44.223] [PROMPT] Would you like to send anonymous crash reports to improve Storybook and fix bugs faster? {"choice":true}
[19:47:44.229] [INFO] Storybook collects completely anonymous usage telemetry. We use it to shape Storybook's roadmap and prioritize features. You can learn more, including how to opt out, at https://storybook.js.org/telemetry