[19:31:53.273] [INFO] [36mInitializing Storybook[39m
[19:31:54.109] [DEBUG] Getting package.json info for D:/stc projects/ui-components/package.json...
[19:31:54.110] [DEBUG] Getting CLI versions from NPM for storybook...
[19:31:54.110] [DEBUG] Executing command: npm info storybook version
[19:31:56.412] [INFO] Adding Storybook version 10.3.5 to your project
[19:31:56.418] [DEBUG] Project type detected: angular
[19:31:56.419] [DEBUG] Using cached package.json for D:\stc projects\ui-components\package.json...
[19:31:56.421] [INFO] Framework detected: angular
[19:31:56.422] [DEBUG] Getting installed version for vitest...
[19:31:56.423] [DEBUG] Executing command: npm ls --json --depth=99 2>NUL
[19:31:57.961] [DEBUG] Executing command: npm ls --json --depth=0 2>NUL
[19:31:59.471] [DEBUG] Error finding installations for vitest: ExecaError: Command failed with exit code 1: npm.cmd ls --json "--depth=0" "2>NUL"

npm error code EINVALIDTAGNAME
npm error Invalid tag name "2>NUL" of package "2>NUL": Tags may not have any characters that encodeURIComponent encodes.
npm error A complete log of this run can be found in: C:\Users\digi_\AppData\Local\npm-cache\_logs\2026-04-11T16_31_58_403Z-debug-0.log

{
  "error": {
    "code": "EINVALIDTAGNAME",
    "summary": "Invalid tag name \"2>NUL\" of package \"2>NUL\": Tags may not have any characters that encodeURIComponent encodes.",
    "detail": ""
  }
}
[19:31:59.471] [DEBUG] No installations found for vitest
[19:31:59.471] [DEBUG] Getting installed version for msw...
[19:31:59.471] [DEBUG] Executing command: npm ls --json --depth=99 2>NUL
[19:32:00.941] [DEBUG] Executing command: npm ls --json --depth=0 2>NUL
[19:32:02.309] [DEBUG] Error finding installations for msw: ExecaError: Command failed with exit code 1: npm.cmd ls --json "--depth=0" "2>NUL"

npm error code EINVALIDTAGNAME
npm error Invalid tag name "2>NUL" of package "2>NUL": Tags may not have any characters that encodeURIComponent encodes.
npm error A complete log of this run can be found in: C:\Users\digi_\AppData\Local\npm-cache\_logs\2026-04-11T16_32_01_361Z-debug-0.log

{
  "error": {
    "code": "EINVALIDTAGNAME",
    "summary": "Invalid tag name \"2>NUL\" of package \"2>NUL\": Tags may not have any characters that encodeURIComponent encodes.",
    "detail": ""
  }
}
[19:32:02.309] [DEBUG] No installations found for msw
[19:32:08.691] [PROMPT] New to Storybook? {"choice":true}
[19:32:08.692] [INFO] Storybook collects completely anonymous usage telemetry. We use it to shape Storybook's roadmap and prioritize features. You can learn more, including how to opt out, at https://storybook.js.org/telemetry
[19:32:47.673] [PROMPT] For which project do you want to generate Storybook configuration? {"choice":"ui-components-lib"}
[19:32:47.673] [INFO] Adding Storybook support to your "ui-components-lib" project
[19:32:47.675] [INFO] Compodoc is a great tool to generate documentation for your Angular projects. Storybook can use the documentation generated by Compodoc to extract argument definitions and JSDOC comments to display them in the Storybook UI. We highly recommend using Compodoc for your Angular projects to get the best experience out of Storybook.
[19:32:54.376] [PROMPT] Do you want to use Compodoc for documentation? {"choice":true}
[19:32:54.379] [DEBUG] Getting dependency version for @angular/core...
[19:32:54.379] [DEBUG] Using cached package.json for D:\stc projects\ui-components\package.json...
[19:32:54.758] [INFO] base-generator-task-start: Generating Storybook configuration
[19:32:54.759] [DEBUG] Using cached package.json for D:\stc projects\ui-components\package.json...
[19:32:54.759] [DEBUG] Using cached package.json for D:\stc projects\ui-components\package.json...
[19:32:54.759] [DEBUG] Using cached package.json for D:\stc projects\ui-components\package.json...
[19:32:54.761] [DEBUG] Using cached version for storybook...
[19:32:54.761] [DEBUG] Getting CLI versions from NPM for @storybook/angular...
[19:32:54.761] [DEBUG] Executing command: npm info @storybook/angular version
[19:32:54.806] [DEBUG] Getting CLI versions from NPM for @storybook/addon-a11y...
[19:32:54.806] [DEBUG] Executing command: npm info @storybook/addon-a11y version
[19:32:54.847] [DEBUG] Getting CLI versions from NPM for @storybook/addon-docs...
[19:32:54.847] [DEBUG] Executing command: npm info @storybook/addon-docs version
[19:32:54.888] [DEBUG] Getting CLI versions from NPM for @storybook/addon-onboarding...
[19:32:54.888] [DEBUG] Executing command: npm info @storybook/addon-onboarding version
[19:32:54.938] [DEBUG] Getting CLI versions from NPM for @compodoc/compodoc...
[19:32:54.938] [DEBUG] Executing command: npm info @compodoc/compodoc version
[19:33:00.157] [INFO] base-generator-task: - Configuring main.ts
[19:33:00.162] [INFO] base-generator-task: - Configuring preview.ts
[19:33:00.168] [INFO] base-generator-task: - Copying framework templates
[19:33:00.331] [DEBUG] Executing command: npm config get registry -ws=false -iwr
[19:33:02.309] [INFO] base-generator-task-success: Storybook configuration generated
[19:33:02.311] [INFO] adding-dependencies-task-start: Adding dependencies to package.json
[19:33:02.313] [INFO] adding-dependencies-task: Adding devDependencies:
- storybook@^10.3.5
- @storybook/angular@^10.3.5
- @storybook/addon-a11y@^10.3.5
- @storybook/addon-docs@^10.3.5
- @storybook/addon-onboarding@^10.3.5
- @angular-devkit/build-angular@^20.2.0
- @angular-devkit/architect@^0.2002.0
- @angular-devkit/core@^20.2.0
- @angular/platform-browser-dynamic@^20.2.0
- @compodoc/compodoc@^1.2.1
[19:33:02.314] [DEBUG] Using cached package.json for D:\stc projects\ui-components\package.json...
[19:33:02.315] [DEBUG] Using cached version for storybook...
[19:33:02.315] [DEBUG] Using cached version for @storybook/angular...
[19:33:02.315] [DEBUG] Using cached version for @storybook/addon-a11y...
[19:33:02.315] [DEBUG] Using cached version for @storybook/addon-docs...
[19:33:02.315] [DEBUG] Using cached version for @storybook/addon-onboarding...
[19:33:02.315] [DEBUG] Getting CLI versions from NPM for @angular-devkit/build-angular...
[19:33:02.315] [DEBUG] Executing command: npm info @angular-devkit/build-angular version
[19:33:04.531] [DEBUG] Getting CLI versions from NPM for @angular-devkit/architect...
[19:33:04.532] [DEBUG] Executing command: npm info @angular-devkit/architect version
[19:33:07.287] [DEBUG] Getting CLI versions from NPM for @angular-devkit/core...
[19:33:07.287] [DEBUG] Executing command: npm info @angular-devkit/core version
[19:33:09.647] [DEBUG] Getting CLI versions from NPM for @angular/platform-browser-dynamic...
[19:33:09.647] [DEBUG] Executing command: npm info @angular/platform-browser-dynamic version
[19:33:11.838] [DEBUG] Using cached version for @compodoc/compodoc...
[19:33:11.839] [DEBUG] Using cached package.json for D:\stc projects\ui-components\package.json...
[19:33:11.934] [INFO] adding-dependencies-task-success: Dependencies added to package.json
[19:33:11.935] [INFO] Installing dependencies...
[19:33:11.936] [INFO] install-dependencies-spinner-start: Installing dependencies...
[19:33:11.938] [DEBUG] Executing command: npm install
[19:33:42.331] [ERROR] Installation of dependencies failed! {"error":"ExecaError: Command failed with exit code 1: npm.cmd install\n\nnpm error code ERESOLVE\nnpm error ERESOLVE could not resolve\nnpm error\nnpm error While resolving: ui-components@0.0.0\nnpm error Found: @angular/compiler@20.3.15\nnpm error node_modules/@angular/compiler\nnpm error   @angular/compiler@\"^20.2.0\" from the root project\nnpm error   peer @angular/compiler@\"^20.0.0\" from @angular/build@20.3.13\nnpm error   node_modules/@angular/build\nnpm error     dev @angular/build@\"^20.2.2\" from the root project\nnpm error   3 more (@angular/compiler-cli, @angular/core, @angular/localize)\nnpm error\nnpm error Could not resolve dependency:\nnpm error dev @angular-devkit/build-angular@\"^20.2.0\" from the root project\nnpm error\nnpm error Conflicting peer dependency: @angular/compiler@20.3.18\nnpm error node_modules/@angular/compiler\nnpm error   peer @angular/compiler@\"20.3.18\" from @angular/localize@20.3.18\nnpm error   node_modules/@angular/localize\nnpm error     peerOptional @angular/localize@\"^20.0.0\" from @angular-devkit/build-angular@20.3.23\nnpm error     node_modules/@angular-devkit/build-angular\nnpm error       dev @angular-devkit/build-angular@\"^20.2.0\" from the root project\nnpm error\nnpm error Fix the upstream dependency conflict, or retry\nnpm error this command with --force or --legacy-peer-deps\nnpm error to accept an incorrect (and potentially broken) dependency resolution.\nnpm error\nnpm error\nnpm error For a full report see:\nnpm error C:\\Users\\digi_\\AppData\\Local\\npm-cache\\_logs\\2026-04-11T16_33_12_492Z-eresolve-report.txt\nnpm error A complete log of this run can be found in: C:\\Users\\digi_\\AppData\\Local\\npm-cache\\_logs\\2026-04-11T16_33_12_492Z-debug-0.log\n    at getFinalError (file:///C:/Users/digi_/AppData/Local/npm-cache/_npx/ac6065c87c5c24ee/node_modules/storybook/dist/_node-chunks/chunk-GOY6UMCB.js:13112:10)\n    at makeError (file:///C:/Users/digi_/AppData/Local/npm-cache/_npx/ac6065c87c5c24ee/node_modules/storybook/dist/_node-chunks/chunk-GOY6UMCB.js:14648:15)\n    at getAsyncResult (file:///C:/Users/digi_/AppData/Local/npm-cache/_npx/ac6065c87c5c24ee/node_modules/storybook/dist/_node-chunks/chunk-GOY6UMCB.js:17294:158)\n    at handlePromise (file:///C:/Users/digi_/AppData/Local/npm-cache/_npx/ac6065c87c5c24ee/node_modules/storybook/dist/_node-chunks/chunk-GOY6UMCB.js:17280:162)\n    at async Object.executeTaskWithSpinner (file:///C:/Users/digi_/AppData/Local/npm-cache/_npx/ac6065c87c5c24ee/node_modules/storybook/dist/_node-chunks/chunk-CHOXZXZB.js:3683:11)\n    at async NPMProxy.installDependencies (file:///C:/Users/digi_/AppData/Local/npm-cache/_npx/ac6065c87c5c24ee/node_modules/storybook/dist/_node-chunks/chunk-GOY6UMCB.js:11261:5)\n    at async DependencyInstallationCommand.execute (file:///C:/Users/digi_/AppData/Local/npm-cache/_npx/ac6065c87c5c24ee/node_modules/create-storybook/dist/_node-chunks/chunk-5VDIKOHD.js:2118:9)\n    at async doInitiate (file:///C:/Users/digi_/AppData/Local/npm-cache/_npx/ac6065c87c5c24ee/node_modules/create-storybook/dist/_node-chunks/chunk-5VDIKOHD.js:2894:38)\n    at async file:///C:/Users/digi_/AppData/Local/npm-cache/_npx/ac6065c87c5c24ee/node_modules/create-storybook/dist/_node-chunks/chunk-5VDIKOHD.js:2928:20\n    at async withTelemetry (file:///C:/Users/digi_/AppData/Local/npm-cache/_npx/ac6065c87c5c24ee/node_modules/storybook/dist/_node-chunks/chunk-FIR43JGQ.js:225:12)"}
[19:33:42.332] [ERROR] install-dependencies-spinner-error: [31mInstallation of dependencies failed![39m
[19:33:42.360] [INFO] configure-addons-task-start: Configuring addons...
[19:33:42.360] [INFO] configure-addons-task: Configuring @storybook/addon-a11y...
[19:33:42.371] [DEBUG] Getting package.json info for D:/stc projects/ui-components/package.json...
[19:33:42.372] [DEBUG] Executing command: npx storybook@10.3.5 automigrate addon-a11y-addon-test --loglevel silent --skip-doctor --yes --package-manager npm --config-dir projects/ui-components-lib/.storybook
[19:34:37.140] [INFO] configure-addons-task: @storybook/addon-a11y configured

[19:34:37.141] [INFO] configure-addons-task: Configuring @storybook/addon-docs...
[19:34:37.146] [INFO] configure-addons-task: @storybook/addon-docs configured

[19:34:37.148] [INFO] configure-addons-task: Configuring @storybook/addon-onboarding...
[19:34:37.153] [INFO] configure-addons-task: @storybook/addon-onboarding configured

[19:34:37.154] [INFO] configure-addons-task-success: Addons configured successfully
[19:34:37.155] [INFO] [2m✅ @storybook/addon-a11y[22m
[19:34:37.159] [INFO] [2m✅ @storybook/addon-docs[22m
[19:34:37.160] [INFO] [2m✅ @storybook/addon-onboarding[22m
[19:34:37.166] [WARN] Storybook setup completed, but some non-blocking errors occurred. Please check the log file below for details.
[19:34:37.170] [INFO] To run Storybook manually, run [36mng run ui-components-lib:storybook[39m. CTRL+C to stop.
[19:34:37.174] [INFO] Want to learn more about Storybook? [36mhttps://storybook.js.org/[39m
Having trouble or want to chat? [36mhttps://discord.gg/storybook/[39m